  Determining projects to restore...
  Restored C:\Users\akila\Desktop\DevOps Tasks\ALPCoder\Question Answer Website\backend\question_answer\question_answer.csproj (in 267 ms).
C:\Users\akila\Desktop\DevOps Tasks\ALPCoder\Question Answer Website\backend\question_answer\Application\Services\QuestionService.cs(115,35): warning CS8602: Dereference of a possibly null reference. [C:\Users\akila\Desktop\DevOps Tasks\ALPCoder\Question Answer Website\backend\question_answer\question_answer.csproj]
C:\Users\akila\Desktop\DevOps Tasks\ALPCoder\Question Answer Website\backend\question_answer\Application\Services\ExamTakingService.cs(23,40): warning CS8602: Dereference of a possibly null reference. [C:\Users\akila\Desktop\DevOps Tasks\ALPCoder\Question Answer Website\backend\question_answer\question_answer.csproj]
C:\Users\akila\Desktop\DevOps Tasks\ALPCoder\Question Answer Website\backend\question_answer\Application\Services\ExamTakingService.cs(66,31): warning CS8602: Dereference of a possibly null reference. [C:\Users\akila\Desktop\DevOps Tasks\ALPCoder\Question Answer Website\backend\question_answer\question_answer.csproj]
C:\Users\akila\Desktop\DevOps Tasks\ALPCoder\Question Answer Website\backend\question_answer\Application\Services\ExamTakingService.cs(135,40): warning CS8602: Dereference of a possibly null reference. [C:\Users\akila\Desktop\DevOps Tasks\ALPCoder\Question Answer Website\backend\question_answer\question_answer.csproj]
C:\Users\akila\Desktop\DevOps Tasks\ALPCoder\Question Answer Website\backend\question_answer\Application\Services\ExamTakingService.cs(150,32): warning CS8602: Dereference of a possibly null reference. [C:\Users\akila\Desktop\DevOps Tasks\ALPCoder\Question Answer Website\backend\question_answer\question_answer.csproj]
C:\Users\akila\Desktop\DevOps Tasks\ALPCoder\Question Answer Website\backend\question_answer\Application\Services\ExamTakingService.cs(229,40): warning CS8602: Dereference of a possibly null reference. [C:\Users\akila\Desktop\DevOps Tasks\ALPCoder\Question Answer Website\backend\question_answer\question_answer.csproj]
C:\Users\akila\Desktop\DevOps Tasks\ALPCoder\Question Answer Website\backend\question_answer\Application\Services\ExamTakingService.cs(253,34): warning CS8602: Dereference of a possibly null reference. [C:\Users\akila\Desktop\DevOps Tasks\ALPCoder\Question Answer Website\backend\question_answer\question_answer.csproj]
C:\Users\akila\Desktop\DevOps Tasks\ALPCoder\Question Answer Website\backend\question_answer\Application\Services\ExamTakingService.cs(265,25): warning CS8602: Dereference of a possibly null reference. [C:\Users\akila\Desktop\DevOps Tasks\ALPCoder\Question Answer Website\backend\question_answer\question_answer.csproj]
  question_answer -> C:\Users\akila\Desktop\DevOps Tasks\ALPCoder\Question Answer Website\backend\question_answer\bin\Debug\net8.0\question_answer.dll

Build succeeded.

C:\Users\akila\Desktop\DevOps Tasks\ALPCoder\Question Answer Website\backend\question_answer\Application\Services\QuestionService.cs(115,35): warning CS8602: Dereference of a possibly null reference. [C:\Users\akila\Desktop\DevOps Tasks\ALPCoder\Question Answer Website\backend\question_answer\question_answer.csproj]
C:\Users\akila\Desktop\DevOps Tasks\ALPCoder\Question Answer Website\backend\question_answer\Application\Services\ExamTakingService.cs(23,40): warning CS8602: Dereference of a possibly null reference. [C:\Users\akila\Desktop\DevOps Tasks\ALPCoder\Question Answer Website\backend\question_answer\question_answer.csproj]
C:\Users\akila\Desktop\DevOps Tasks\ALPCoder\Question Answer Website\backend\question_answer\Application\Services\ExamTakingService.cs(66,31): warning CS8602: Dereference of a possibly null reference. [C:\Users\akila\Desktop\DevOps Tasks\ALPCoder\Question Answer Website\backend\question_answer\question_answer.csproj]
C:\Users\akila\Desktop\DevOps Tasks\ALPCoder\Question Answer Website\backend\question_answer\Application\Services\ExamTakingService.cs(135,40): warning CS8602: Dereference of a possibly null reference. [C:\Users\akila\Desktop\DevOps Tasks\ALPCoder\Question Answer Website\backend\question_answer\question_answer.csproj]
C:\Users\akila\Desktop\DevOps Tasks\ALPCoder\Question Answer Website\backend\question_answer\Application\Services\ExamTakingService.cs(150,32): warning CS8602: Dereference of a possibly null reference. [C:\Users\akila\Desktop\DevOps Tasks\ALPCoder\Question Answer Website\backend\question_answer\question_answer.csproj]
C:\Users\akila\Desktop\DevOps Tasks\ALPCoder\Question Answer Website\backend\question_answer\Application\Services\ExamTakingService.cs(229,40): warning CS8602: Dereference of a possibly null reference. [C:\Users\akila\Desktop\DevOps Tasks\ALPCoder\Question Answer Website\backend\question_answer\question_answer.csproj]
C:\Users\akila\Desktop\DevOps Tasks\ALPCoder\Question Answer Website\backend\question_answer\Application\Services\ExamTakingService.cs(253,34): warning CS8602: Dereference of a possibly null reference. [C:\Users\akila\Desktop\DevOps Tasks\ALPCoder\Question Answer Website\backend\question_answer\question_answer.csproj]
C:\Users\akila\Desktop\DevOps Tasks\ALPCoder\Question Answer Website\backend\question_answer\Application\Services\ExamTakingService.cs(265,25): warning CS8602: Dereference of a possibly null reference. [C:\Users\akila\Desktop\DevOps Tasks\ALPCoder\Question Answer Website\backend\question_answer\question_answer.csproj]
    8 Warning(s)
    0 Error(s)

Time Elapsed 00:00:01.97
